[2025-11-23 21:28:19,517][energy_logger][INFO] - Starting training pipeline...
[2025-11-23 21:28:19,517][energy_logger][INFO] - Loading processed dataset from: D:\Programas\OneDrive - Universidade Federal de Minas Gerais\Data Science\energy_consumption\data\processed\energy_features.csv
[2025-11-23 21:28:19,894][energy_logger][INFO] - Using features: ['dayofyear', 'hour', 'dayofweek', 'quarter', 'month', 'year', 'lag_364d', 'lag_728d', 'lag_1092d']
[2025-11-23 21:28:19,894][energy_logger][INFO] - Target: PJME_MW
[2025-11-23 21:28:19,894][energy_logger][INFO] - Training window until: 2014-01-01
[2025-11-23 21:28:19,926][energy_logger][INFO] - Training samples after filtering/NaN removal: 78,917
[2025-11-23 21:28:21,778][energy_logger][INFO] - MLflow tracking URI: https://dagshub.com/thiagocarvalhor/energy_consumption.mlflow
[2025-11-23 21:28:21,778][energy_logger][INFO] - MLflow experiment: energy_forecast
[2025-11-23 21:28:21,779][energy_logger][INFO] - Configuring TimeSeriesSplit: n_splits=5, test_size=8760, gap=24
[2025-11-23 21:28:22,284][energy_logger][INFO] - Starting MLflow run: baseline_xgb
[2025-11-23 21:28:23,272][energy_logger][INFO] - ===== FOLD 1 =====
[2025-11-23 21:28:23,279][energy_logger][INFO] - Training XGBoost model on fold 1 (35,093 train samples, 8,760 val samples)...
[2025-11-23 21:28:26,093][energy_logger][INFO] - RMSE fold 1: 3,391.5509
[2025-11-23 21:28:26,335][energy_logger][INFO] - ===== FOLD 2 =====
[2025-11-23 21:28:26,345][energy_logger][INFO] - Training XGBoost model on fold 2 (43,853 train samples, 8,760 val samples)...
[2025-11-23 21:28:29,323][energy_logger][INFO] - RMSE fold 2: 3,911.8496
[2025-11-23 21:28:29,624][energy_logger][INFO] - ===== FOLD 3 =====
[2025-11-23 21:28:29,635][energy_logger][INFO] - Training XGBoost model on fold 3 (52,613 train samples, 8,760 val samples)...
[2025-11-23 21:28:32,012][energy_logger][INFO] - RMSE fold 3: 3,239.5503
[2025-11-23 21:28:32,296][energy_logger][INFO] - ===== FOLD 4 =====
[2025-11-23 21:28:32,307][energy_logger][INFO] - Training XGBoost model on fold 4 (61,373 train samples, 8,760 val samples)...
[2025-11-23 21:28:35,087][energy_logger][INFO] - RMSE fold 4: 3,314.9594
[2025-11-23 21:28:35,334][energy_logger][INFO] - ===== FOLD 5 =====
[2025-11-23 21:28:35,344][energy_logger][INFO] - Training XGBoost model on fold 5 (70,133 train samples, 8,760 val samples)...
[2025-11-23 21:28:38,333][energy_logger][INFO] - RMSE fold 5: 3,657.3576
[2025-11-23 21:28:38,587][energy_logger][INFO] - ===== FINAL CV RESULTS =====
[2025-11-23 21:28:38,588][energy_logger][INFO] - RMSE by fold: [3391.550882044471, 3911.849596965321, 3239.5502726131904, 3314.959350687286, 3657.357555286865]
[2025-11-23 21:28:38,589][energy_logger][INFO] - Mean RMSE: 3,503.0535
[2025-11-23 21:28:38,834][energy_logger][INFO] - Saving trained model to: D:\Programas\OneDrive - Universidade Federal de Minas Gerais\Data Science\energy_consumption\models\xgboost.json
[2025-11-23 21:28:42,244][energy_logger][INFO] - Training finished and logged to MLflow.
