[2025-11-24 22:46:14,778][pipeline_logger][INFO] - Starting FULL PIPELINE: train -> predict -> evaluate
[2025-11-24 22:46:16,151][pipeline_logger][INFO] - MLflow experiment: energy_forecast
[2025-11-24 22:46:16,715][pipeline_logger][INFO] - Parent run_id = 3464144dbda143e49ee1b751345ea924
[2025-11-24 22:46:16,715][pipeline_logger][INFO] - STEP 1: Training model...
[2025-11-24 22:46:16,975][pipeline_logger][INFO] - Train child run_id = 967d7462ef1e4bac9a4bf7cf6e163bfa
[2025-11-24 22:46:16,977][pipeline_logger][INFO] - Loading processed dataset: D:\Programas\OneDrive - Universidade Federal de Minas Gerais\Data Science\energy_consumption\data\processed\energy_features.csv
[2025-11-24 22:46:17,298][pipeline_logger][INFO] - Training samples: 78,917
[2025-11-24 22:46:17,298][pipeline_logger][INFO] - Logging into active MLflow run_id = 967d7462ef1e4bac9a4bf7cf6e163bfa
[2025-11-24 22:46:18,240][pipeline_logger][INFO] - ===== FOLD 1 =====
[2025-11-24 22:46:20,001][pipeline_logger][INFO] - Fold 1 RMSE: 3,391.5509
[2025-11-24 22:46:20,001][pipeline_logger][INFO] - ===== FOLD 2 =====
[2025-11-24 22:46:21,868][pipeline_logger][INFO] - Fold 2 RMSE: 3,911.8496
[2025-11-24 22:46:21,868][pipeline_logger][INFO] - ===== FOLD 3 =====
[2025-11-24 22:46:24,064][pipeline_logger][INFO] - Fold 3 RMSE: 3,239.5503
[2025-11-24 22:46:24,064][pipeline_logger][INFO] - ===== FOLD 4 =====
[2025-11-24 22:46:26,244][pipeline_logger][INFO] - Fold 4 RMSE: 3,314.9594
[2025-11-24 22:46:26,244][pipeline_logger][INFO] - ===== FOLD 5 =====
[2025-11-24 22:46:28,483][pipeline_logger][INFO] - Fold 5 RMSE: 3,657.3576
[2025-11-24 22:46:28,722][pipeline_logger][INFO] - Mean RMSE: 3,503.0535
[2025-11-24 22:46:30,432][pipeline_logger][INFO] - Model saved at: D:\Programas\OneDrive - Universidade Federal de Minas Gerais\Data Science\energy_consumption\models\xgboost.json
[2025-11-24 22:46:30,899][pipeline_logger][INFO] - STEP 2: Predicting test and future forecasts...
[2025-11-24 22:46:31,177][pipeline_logger][INFO] - Predict child run_id = 50b0c9524c014bc3976f25f88556c3c5
[2025-11-24 22:46:31,984][pipeline_logger][INFO] - Loading model: D:\Programas\OneDrive - Universidade Federal de Minas Gerais\Data Science\energy_consumption\models\xgboost.json
