[2025-11-24 21:23:25,735][energy_logger][INFO] - Starting training pipeline...
[2025-11-24 21:23:25,740][energy_logger][INFO] - Loading processed dataset from: D:\Programas\OneDrive - Universidade Federal de Minas Gerais\Data Science\energy_consumption\data\processed\energy_features.csv
[2025-11-24 21:23:27,273][energy_logger][INFO] - Using features: ['dayofyear', 'hour', 'dayofweek', 'quarter', 'month', 'year', 'lag_364d', 'lag_728d', 'lag_1092d']
[2025-11-24 21:23:27,273][energy_logger][INFO] - Target: PJME_MW
[2025-11-24 21:23:27,273][energy_logger][INFO] - Training window until: 2014-01-01
[2025-11-24 21:23:27,477][energy_logger][INFO] - Training samples after filtering/NaN removal: 78,917
[2025-11-24 21:23:33,023][energy_logger][INFO] - MLflow tracking URI: https://dagshub.com/thiagocarvalhor/energy_consumption.mlflow
[2025-11-24 21:23:33,028][energy_logger][INFO] - MLflow experiment: energy_forecast
[2025-11-24 21:23:33,029][energy_logger][INFO] - Configuring TimeSeriesSplit: n_splits=5, test_size=8760, gap=24
[2025-11-24 21:23:34,395][energy_logger][INFO] - Starting MLflow run: baseline_xgb
[2025-11-24 21:23:35,614][energy_logger][INFO] - ===== FOLD 1 =====
[2025-11-24 21:23:35,666][energy_logger][INFO] - Training XGBoost model on fold 1 (35,093 train samples, 8,760 val samples)...
[2025-11-24 21:23:43,665][energy_logger][INFO] - RMSE fold 1: 3,391.5509
[2025-11-24 21:23:43,928][energy_logger][INFO] - ===== FOLD 2 =====
[2025-11-24 21:23:43,940][energy_logger][INFO] - Training XGBoost model on fold 2 (43,853 train samples, 8,760 val samples)...
[2025-11-24 21:23:48,683][energy_logger][INFO] - RMSE fold 2: 3,911.8496
[2025-11-24 21:23:48,955][energy_logger][INFO] - ===== FOLD 3 =====
[2025-11-24 21:23:48,971][energy_logger][INFO] - Training XGBoost model on fold 3 (52,613 train samples, 8,760 val samples)...
[2025-11-24 21:23:54,960][energy_logger][INFO] - RMSE fold 3: 3,239.5503
[2025-11-24 21:23:55,253][energy_logger][INFO] - ===== FOLD 4 =====
[2025-11-24 21:23:55,272][energy_logger][INFO] - Training XGBoost model on fold 4 (61,373 train samples, 8,760 val samples)...
[2025-11-24 21:24:02,330][energy_logger][INFO] - RMSE fold 4: 3,314.9594
[2025-11-24 21:24:02,680][energy_logger][INFO] - ===== FOLD 5 =====
[2025-11-24 21:24:02,707][energy_logger][INFO] - Training XGBoost model on fold 5 (70,133 train samples, 8,760 val samples)...
[2025-11-24 21:24:06,462][energy_logger][INFO] - RMSE fold 5: 3,657.3576
[2025-11-24 21:24:06,856][energy_logger][INFO] - ===== FINAL CV RESULTS =====
[2025-11-24 21:24:06,861][energy_logger][INFO] - RMSE by fold: [3391.550882044471, 3911.849596965321, 3239.5502726131904, 3314.959350687286, 3657.357555286865]
[2025-11-24 21:24:06,861][energy_logger][INFO] - Mean RMSE: 3,503.0535
[2025-11-24 21:24:07,115][energy_logger][INFO] - Saving trained model to: D:\Programas\OneDrive - Universidade Federal de Minas Gerais\Data Science\energy_consumption\models\xgboost.json
[2025-11-24 21:24:09,460][energy_logger][INFO] - Training finished and logged to MLflow.
[2025-11-24 21:24:09,460][energy_logger][INFO] - Run ID saved to D:\Programas\OneDrive - Universidade Federal de Minas Gerais\Data Science\energy_consumption\last_run\run_id.txt
